************** Ejecución de robot **************
Clínica: Clínica Iopa
Fecha y hora: 24-10-2025 16:34:09
Robot: Robot Contabilidad Web-Scrapping
Cuenta procesada (Nro. Cuenta Bancaria - últimos 4 dígitos): 80-06

Datos encontrados:

     fecha                 detalle_movimiento  deposito_o_abono  docto._nro. sucursal
23/10/2025  TRASPASO DE:NORMA AMELIA CASTILLO             27531            0 INTERNET
23/10/2025 TRASPASO DE:Tatiana Valeska Romero            217640            0 INTERNET
23/10/2025 TRASPASO DE:GONZALEZ PRIETO INALVI             50472            0 INTERNET
23/10/2025 TRASPASO DE:PARRA OSORIO ESTER CON            701072            0 INTERNET
23/10/2025 PAGO:Abonos debito y credito Trans             30303            0  CENTRAL
23/10/2025 TRASPASO DE:PARRA CORREA RAMON ENR            200000            0 INTERNET
23/10/2025 PAGO:Abonos debito y credito Trans           3521871            0  CENTRAL
23/10/2025 TRASPASO DE:ACEVEDO LEMUS MARIA PA            876294            0 INTERNET
23/10/2025     TRASPASO DE:Jose Emilio Torres           3031923            0 INTERNET

Total de ingresos: 8.657.106

************** Fin Ejecución de robot **************



************************************************
** Información de Comprobante Softland **
************************************************
Fecha del registro: 24-10-2025
Nro. Cuenta Procesada: 1-01-01-007
Número de Comprobante: 00006193
Monto Total de Depósito: 8.657.106
Anticipo Cliente Insertado: Sí
************************************************
